// Jest Snapshot v1, https://goo.gl/fbAQLP

exports[`Container should match all the data being passed 1`] = `undefined`;
